#-----------------------------------------------------------
# Vivado v2015.2 (64-bit)
# SW Build 1266856 on Fri Jun 26 16:35:25 MDT 2015
# IP Build 1264090 on Wed Jun 24 14:22:01 MDT 2015
# Start of session at: Tue Jun 12 23:29:01 2018
# Process ID: 2232
# Log file: C:/Users/fanjunchao/Desktop/shudian2/LAB_6/vivado.log
# Journal file: C:/Users/fanjunchao/Desktop/shudian2/LAB_6\vivado.jou
#-----------------------------------------------------------
start_gui
open_project C:/Users/fanjunchao/Desktop/shudian2/LAB_6/LAB_6.xpr
reset_run impl_1 -prev_step 
launch_runs impl_1 -to_step write_bitstream
wait_on_run impl_1
reset_run synth_1
launch_runs impl_1 -to_step write_bitstream
wait_on_run impl_1
reset_run synth_1 -noclean_dir 
launch_runs impl_1
wait_on_run impl_1
reset_run synth_1 -noclean_dir 
close_project
open_project C:/Users/fanjunchao/Desktop/shudian2/LAB_5/LAB_5.xpr
launch_runs impl_1 -to_step write_bitstream
wait_on_run impl_1
close_project
open_project C:/Users/fanjunchao/Desktop/shudian2/LAB_6/LAB_6.xpr
launch_simulation
source lab6tb.tcl
synth_design -rtl -name rtl_1
launch_runs synth_1
wait_on_run synth_1
reset_run synth_1
close_sim
